../Core/Src/main.c:104:5:main	208	static
../Core/Src/main.c:242:6:SystemClock_Config	88	static
../Core/Src/main.c:289:13:MX_TIM4_Init	48	static
../Core/Src/main.c:351:13:MX_USART1_UART_Init	8	static
../Core/Src/main.c:384:13:MX_USART2_UART_Init	8	static
../Core/Src/main.c:415:13:MX_DMA_Init	16	static
../Core/Src/main.c:437:13:MX_GPIO_Init	48	static
../Core/Src/main.c:482:6:HAL_UARTEx_RxEventCallback	16	static
../Core/Src/main.c:494:6:servo1	8	static
../Core/Src/main.c:504:6:servo2	8	static
../Core/Src/main.c:515:6:servo3	8	static
../Core/Src/main.c:526:6:servo4	8	static
../Core/Src/main.c:538:1:__io_putchar	16	static
../Core/Src/main.c:555:6:StartDefaultTask	48	static
../Core/Src/main.c:595:6:StartTask02	24	static
../Core/Src/main.c:625:6:StartTask03	24	static
../Core/Src/main.c:655:6:StartTask04	24	static
../Core/Src/main.c:685:6:StartTask05	16	static
../Core/Src/main.c:721:6:HAL_TIM_PeriodElapsedCallback	16	static
../Core/Src/main.c:739:6:Error_Handler	4	static,ignoring_inline_asm
