../Core/Src/main.c:103:5:main	104	static
../Core/Src/main.c:195:6:SystemClock_Config	88	static
../Core/Src/main.c:242:13:MX_TIM4_Init	64	static
../Core/Src/main.c:301:13:MX_USART1_UART_Init	8	static
../Core/Src/main.c:334:13:MX_USART2_UART_Init	8	static
../Core/Src/main.c:365:13:MX_DMA_Init	16	static
../Core/Src/main.c:387:13:MX_GPIO_Init	48	static
../Core/Src/main.c:432:6:HAL_UARTEx_RxEventCallback	16	static
../Core/Src/main.c:444:6:stepMotor	16	static
../Core/Src/main.c:497:6:Forward90	24	static
../Core/Src/main.c:523:1:__io_putchar	16	static
../Core/Src/main.c:540:6:StartDefaultTask	16	static
../Core/Src/main.c:581:6:StartTask02	72	static
../Core/Src/main.c:640:6:StartTask03	16	static
../Core/Src/main.c:659:6:HAL_TIM_PeriodElapsedCallback	16	static
../Core/Src/main.c:682:6:Error_Handler	4	static,ignoring_inline_asm
